// Jest Snapshot v1, https://goo.gl/fbAQLP

exports[`gulp-babili comments should remove all comments when false 1`] = `"function foo(){}bar();var a=baz();"`;

exports[`gulp-babili comments should remove comments by default except license and preserve 1`] = `
"/**
 * @license
 * This is a test
 */function foo(){}bar();var a=baz();"
`;

exports[`gulp-babili comments should take a custom function 1`] = `"function foo(){}bar();/* YAC - yet another comment */var a=baz();"`;

exports[`gulp-babili should remove comments while doing DCE and simplify 1`] = `
"var a=function(){(function(){// comments should be optimized away
foo(),bar(),baz()})()};"
`;
